Microsoft Windows [Version 10.0.19042.1237]
(c) Microsoft Corporation. All rights reserved.

C:\Users\USCHIP>python --version
Python 3.9.6

C:\Users\USCHIP>mkdir fastApi_Projects

C:\Users\USCHIP>cd fastApi_Projects

C:\Users\USCHIP\fastApi_Projects>python -m pip venv fastEnviron
ERROR: unknown command "venv"

C:\Users\USCHIP\fastApi_Projects>python -m venv fastEnviron

C:\Users\USCHIP\fastApi_Projects>cd fastEnvironment
The system cannot find the path specified.

C:\Users\USCHIP\fastApi_Projects>cd fastEnviron

C:\Users\USCHIP\fastApi_Projects\fastEnviron>dir
 Volume in drive C has no label.
 Volume Serial Number is 0C09-3E9D

 Directory of C:\Users\USCHIP\fastApi_Projects\fastEnviron

10/11/2021  04:49 AM    <DIR>          .
10/11/2021  04:49 AM    <DIR>          ..
10/11/2021  04:49 AM    <DIR>          Include
10/11/2021  04:49 AM    <DIR>          Lib
10/11/2021  04:49 AM               118 pyvenv.cfg
10/11/2021  04:50 AM    <DIR>          Scripts
               1 File(s)            118 bytes
               5 Dir(s)  53,284,569,088 bytes free

C:\Users\USCHIP\fastApi_Projects\fastEnviron>cd Scripts

C:\Users\USCHIP\fastApi_Projects\fastEnviron\Scripts>activate

(fastEnviron) C:\Users\USCHIP\fastApi_Projects\fastEnviron\Scripts>cd../..

(fastEnviron) C:\Users\USCHIP\fastApi_Projects>python -m install fastapi
C:\Users\USCHIP\fastApi_Projects\fastEnviron\Scripts\python.exe: No module named install

(fastEnviron) C:\Users\USCHIP\fastApi_Projects>python -m install fastapi
C:\Users\USCHIP\fastApi_Projects\fastEnviron\Scripts\python.exe: No module named install

(fastEnviron) C:\Users\USCHIP\fastApi_Projects>python -m pip install fastapi
Collecting fastapi
  Using cached fastapi-0.70.0-py3-none-any.whl (51 kB)
Collecting starlette==0.16.0
  Using cached starlette-0.16.0-py3-none-any.whl (61 kB)
Collecting pydantic!=1.7,!=1.7.1,!=1.7.2,!=1.7.3,!=1.8,!=1.8.1,<2.0.0,>=1.6.2
  Using cached pydantic-1.8.2-cp39-cp39-win_amd64.whl (1.9 MB)
Collecting anyio<4,>=3.0.0
  Downloading anyio-3.3.3-py3-none-any.whl (78 kB)
     |████████████████████████████████| 78 kB 450 kB/s
Collecting sniffio>=1.1
  Using cached sniffio-1.2.0-py3-none-any.whl (10 kB)
Collecting idna>=2.8
  Using cached idna-3.2-py3-none-any.whl (59 kB)
Collecting typing-extensions>=3.7.4.3
  Using cached typing_extensions-3.10.0.2-py3-none-any.whl (26 kB)
Installing collected packages: sniffio, idna, typing-extensions, anyio, starlette, pydantic, fastapi
Successfully installed anyio-3.3.3 fastapi-0.70.0 idna-3.2 pydantic-1.8.2 sniffio-1.2.0 starlette-0.16.0 typing-extensions-3.10.0.2
WARNING: You are using pip version 21.1.3; however, version 21.2.4 is available.
You should consider upgrading via the 'C:\Users\USCHIP\fastApi_Projects\fastEnviron\Scripts\python.exe -m pip install --upgrade pip' command.

(fastEnviron) C:\Users\USCHIP\fastApi_Projects>\Users\USCHIP\fastApi_Projects\fastEnviron\Scripts\python.exe -m pip install --upgrade pip
Requirement already satisfied: pip in c:\users\uschip\fastapi_projects\fastenviron\lib\site-packages (21.1.3)
Collecting pip
  Using cached pip-21.2.4-py3-none-any.whl (1.6 MB)
Installing collected packages: pip
  Attempting uninstall: pip
    Found existing installation: pip 21.1.3
    Uninstalling pip-21.1.3:
      Successfully uninstalled pip-21.1.3
Successfully installed pip-21.2.4

(fastEnviron) C:\Users\USCHIP\fastApi_Projects>python -m pip install uvicorn
Collecting uvicorn
  Using cached uvicorn-0.15.0-py3-none-any.whl (54 kB)
Collecting click>=7.0
  Downloading click-8.0.3-py3-none-any.whl (97 kB)
     |████████████████████████████████| 97 kB 472 kB/s
Collecting h11>=0.8
  Using cached h11-0.12.0-py3-none-any.whl (54 kB)
Collecting asgiref>=3.4.0
  Using cached asgiref-3.4.1-py3-none-any.whl (25 kB)
Collecting colorama
  Using cached colorama-0.4.4-py2.py3-none-any.whl (16 kB)
Installing collected packages: colorama, h11, click, asgiref, uvicorn
Successfully installed asgiref-3.4.1 click-8.0.3 colorama-0.4.4 h11-0.12.0 uvicorn-0.15.0
