Microsoft Windows [Version 10.0.19042.1237]
(c) Microsoft Corporation. All rights reserved.

C:\Users\USCHIP\Dev\store\store>git init
Initialized empty Git repository in C:/Users/USCHIP/Dev/store/store/.git/

C:\Users\USCHIP\Dev\store\store>git status
On branch master

No commits yet

Untracked files:
  (use "git add <file>..." to include in what will be committed)
        .gitignore
        .mvn/
        mvnw
        mvnw.cmd
        pom.xml
        src/

nothing added to commit but untracked files present (use "git add" to track)

C:\Users\USCHIP\Dev\store\store>git add .
warning: LF will be replaced by CRLF in .gitignore.
The file will have its original line endings in your working directory
warning: LF will be replaced by CRLF in .mvn/wrapper/MavenWrapperDownloader.java.
The file will have its original line endings in your working directory
warning: LF will be replaced by CRLF in .mvn/wrapper/maven-wrapper.properties.
The file will have its original line endings in your working directory
warning: LF will be replaced by CRLF in mvnw.
The file will have its original line endings in your working directory
warning: LF will be replaced by CRLF in mvnw.cmd.
The file will have its original line endings in your working directory
warning: LF will be replaced by CRLF in pom.xml.
The file will have its original line endings in your working directory
warning: LF will be replaced by CRLF in src/main/java/com/ecommerce/store/StoreApplication.java.
The file will have its original line endings in your working directory
warning: LF will be replaced by CRLF in src/main/resources/application.properties.
The file will have its original line endings in your working directory
warning: LF will be replaced by CRLF in src/test/java/com/ecommerce/store/StoreApplicationTests.java.
The file will have its original line endings in your working directory

C:\Users\USCHIP\Dev\store\store>git log
fatal: your current branch 'master' does not have any commits yet

C:\Users\USCHIP\Dev\store\store>git commit -m"spring boot project"
[master (root-commit) ad73bf4] spring boot project
 15 files changed, 988 insertions(+)
 create mode 100644 .gitignore
 create mode 100644 .mvn/wrapper/MavenWrapperDownloader.java
 create mode 100644 .mvn/wrapper/maven-wrapper.properties
 create mode 100644 README.md
 create mode 100644 mvnw
 create mode 100644 mvnw.cmd
 create mode 100644 pom.xml
 create mode 100644 src/main/java/com/ecommerce/store/HelloWorld.java
 create mode 100644 src/main/java/com/ecommerce/store/StoreApplication.java
 create mode 100644 src/main/java/com/ecommerce/store/data/model/Currency.java
 create mode 100644 src/main/java/com/ecommerce/store/data/model/Feedback.java
 create mode 100644 src/main/java/com/ecommerce/store/data/model/Product.java
 create mode 100644 src/main/resources/application.properties
 create mode 100644 src/main/resources/db/setup-db.sql
 create mode 100644 src/test/java/com/ecommerce/store/StoreApplicationTests.java

C:\Users\USCHIP\Dev\store\store>git log
commit ad73bf4e58b424df00fd283c06baedd63207067f (HEAD -> master)
Author: Kingsley Nwafor <kingsleynwafor54@gmail.com>
Date:   Wed Oct 13 10:57:16 2021 +0100

    spring boot project

C:\Users\USCHIP\Dev\store\store>git branch -M main

C:\Users\USCHIP\Dev\store\store>git remote add origin https://github.com/kingsleynwafor54/e-shop.git

C:\Users\USCHIP\Dev\store\store>git checkout -b staging
Switched to a new branch 'staging'

C:\Users\USCHIP\Dev\store\store>git push origin staging
Enumerating objects: 34, done.
Counting objects: 100% (34/34), done.
Delta compression using up to 4 threads
Compressing objects: 100% (23/23), done.
Writing objects: 100% (34/34), 12.49 KiB | 284.00 KiB/s, done.
Total 34 (delta 0), reused 0 (delta 0), pack-reused 0
To https://github.com/kingsleynwafor54/e-shop.git
 * [new branch]      staging -> staging

